Archive member included because of file (symbol)

../tmos/out/ron200/\libron200.a(exceptions_S.o)
                              (sys_reset_handler)
../tmos/out/ron200/\libron200.a(drivers_cpp.o)
                              ../tmos/out/ron200/\libron200.a(exceptions_S.o) (systick_driver)
../tmos/out/ron200/\libron200.a(kernel_cpp.o)
                              ../tmos/out/ron200/\libron200.a(exceptions_S.o) (HardFaultIsr)
../tmos/out/ron200/\libron200.a(supc_drv_cpp.o)
                              ../tmos/out/ron200/\libron200.a(drivers_cpp.o) (SUPC_DCR)
../tmos/out/ron200/\libron200.a(rstc_drv_cpp.o)
                              ../tmos/out/ron200/\libron200.a(drivers_cpp.o) (RSTC_DCR)
../tmos/out/ron200/\libron200.a(rtc_drv_cpp.o)
                              ../tmos/out/ron200/\libron200.a(drivers_cpp.o) (RTC_DCR)
../tmos/out/ron200/\libron200.a(rtt_drv_cpp.o)
                              ../tmos/out/ron200/\libron200.a(drivers_cpp.o) (RTT_DCR)
../tmos/out/ron200/\libron200.a(pmc_drv_cpp.o)
                              ../tmos/out/ron200/\libron200.a(exceptions_S.o) (LowLevelInit)
../tmos/out/ron200/\libron200.a(wdt_drv_cpp.o)
                              ../tmos/out/ron200/\libron200.a(drivers_cpp.o) (WDT_DCR)
../tmos/out/ron200/\libron200.a(systick_drv_cpp.o)
                              ../tmos/out/ron200/\libron200.a(drivers_cpp.o) (SYSTICK_DCR)
../tmos/out/ron200/\libron200.a(services_S.o)
                              ../tmos/out/ron200/\libron200.a(kernel_cpp.o) (svc_task_schedule)
../tmos/out/ron200/\libron200.a(tmos_stdlib_S.o)
                              ../tmos/out/ron200/\libron200.a(kernel_cpp.o) (svc_pool_init)
../tmos/out/ron200/\libron200.a(tmos_stdio_S.o)
                              ../tmos/out/ron200/\libron200.a(kernel_cpp.o) (tmos_sprintf)
../tmos/out/ron200/\libron200.a(nvic_cm3_cpp.o)
                              ../tmos/out/ron200/\libron200.a(systick_drv_cpp.o) (NVIC_Type::NVIC_SetPriority(DRIVER_INDEX, unsigned int))
../tmos/out/ron200/\libron200.a(systick_cm3_cpp.o)
                              ../tmos/out/ron200/\libron200.a(systick_drv_cpp.o) (SysTick_Type::SysTick_Config(unsigned int))

Discarded input sections

 .text          0x00000000        0x0 out/app/main_cpp.o
 .data          0x00000000        0x0 out/app/main_cpp.o
 .bss           0x00000000        0x0 out/app/main_cpp.o
 .data          0x00000000        0x0 ../tmos/out/ron200/\libron200.a(exceptions_S.o)
 .bss           0x00000000        0x0 ../tmos/out/ron200/\libron200.a(exceptions_S.o)
 .text          0x00000000        0x0 ../tmos/out/ron200/\libron200.a(drivers_cpp.o)
 .data          0x00000000        0x0 ../tmos/out/ron200/\libron200.a(drivers_cpp.o)
 .bss           0x00000000        0x0 ../tmos/out/ron200/\libron200.a(drivers_cpp.o)
 .rodata.DRV_RESET_FIRST_TABLE
                0x00000000        0x4 ../tmos/out/ron200/\libron200.a(drivers_cpp.o)
 .text          0x00000000        0x0 ../tmos/out/ron200/\libron200.a(kernel_cpp.o)
 .data          0x00000000        0x0 ../tmos/out/ron200/\libron200.a(kernel_cpp.o)
 .bss           0x00000000        0x0 ../tmos/out/ron200/\libron200.a(kernel_cpp.o)
 .text.usr_task_suspend
                0x00000000       0x10 ../tmos/out/ron200/\libron200.a(kernel_cpp.o)
 .text.usr_task_schedule
                0x00000000       0x10 ../tmos/out/ron200/\libron200.a(kernel_cpp.o)
 .text.__get_CONTROL
                0x00000000       0x18 ../tmos/out/ron200/\libron200.a(kernel_cpp.o)
 .text.sys_kernel_init
                0x00000000      0x1c0 ../tmos/out/ron200/\libron200.a(kernel_cpp.o)
 .text.__cxa_pure_virtual
                0x00000000       0x20 ../tmos/out/ron200/\libron200.a(kernel_cpp.o)
 .text._Z15sys_task_returnv
                0x00000000        0xc ../tmos/out/ron200/\libron200.a(kernel_cpp.o)
 .text._Z20usr_task_init_staticPK16TASK_DESCRIPTIONi
                0x00000000       0xf8 ../tmos/out/ron200/\libron200.a(kernel_cpp.o)
 .text          0x00000000        0x0 ../tmos/out/ron200/\libron200.a(supc_drv_cpp.o)
 .data          0x00000000        0x0 ../tmos/out/ron200/\libron200.a(supc_drv_cpp.o)
 .bss           0x00000000        0x0 ../tmos/out/ron200/\libron200.a(supc_drv_cpp.o)
 .text          0x00000000        0x0 ../tmos/out/ron200/\libron200.a(rstc_drv_cpp.o)
 .data          0x00000000        0x0 ../tmos/out/ron200/\libron200.a(rstc_drv_cpp.o)
 .bss           0x00000000        0x0 ../tmos/out/ron200/\libron200.a(rstc_drv_cpp.o)
 .text          0x00000000        0x0 ../tmos/out/ron200/\libron200.a(rtc_drv_cpp.o)
 .data          0x00000000        0x0 ../tmos/out/ron200/\libron200.a(rtc_drv_cpp.o)
 .bss           0x00000000        0x0 ../tmos/out/ron200/\libron200.a(rtc_drv_cpp.o)
 .text          0x00000000        0x0 ../tmos/out/ron200/\libron200.a(rtt_drv_cpp.o)
 .data          0x00000000        0x0 ../tmos/out/ron200/\libron200.a(rtt_drv_cpp.o)
 .bss           0x00000000        0x0 ../tmos/out/ron200/\libron200.a(rtt_drv_cpp.o)
 .text          0x00000000        0x0 ../tmos/out/ron200/\libron200.a(pmc_drv_cpp.o)
 .data          0x00000000        0x0 ../tmos/out/ron200/\libron200.a(pmc_drv_cpp.o)
 .bss           0x00000000        0x0 ../tmos/out/ron200/\libron200.a(pmc_drv_cpp.o)
 .text          0x00000000        0x0 ../tmos/out/ron200/\libron200.a(wdt_drv_cpp.o)
 .data          0x00000000        0x0 ../tmos/out/ron200/\libron200.a(wdt_drv_cpp.o)
 .bss           0x00000000        0x0 ../tmos/out/ron200/\libron200.a(wdt_drv_cpp.o)
 .text          0x00000000        0x0 ../tmos/out/ron200/\libron200.a(systick_drv_cpp.o)
 .data          0x00000000        0x0 ../tmos/out/ron200/\libron200.a(systick_drv_cpp.o)
 .bss           0x00000000        0x0 ../tmos/out/ron200/\libron200.a(systick_drv_cpp.o)
 .data          0x00000000        0x0 ../tmos/out/ron200/\libron200.a(services_S.o)
 .bss           0x00000000        0x0 ../tmos/out/ron200/\libron200.a(services_S.o)
 .text          0x00000000      0x1f8 ../tmos/out/ron200/\libron200.a(tmos_stdlib_S.o)
 .data          0x00000000        0x0 ../tmos/out/ron200/\libron200.a(tmos_stdlib_S.o)
 .bss           0x00000000        0x0 ../tmos/out/ron200/\libron200.a(tmos_stdlib_S.o)
 .data          0x00000000        0x0 ../tmos/out/ron200/\libron200.a(tmos_stdio_S.o)
 .bss           0x00000000        0x0 ../tmos/out/ron200/\libron200.a(tmos_stdio_S.o)
 .text          0x00000000        0x0 ../tmos/out/ron200/\libron200.a(nvic_cm3_cpp.o)
 .data          0x00000000        0x0 ../tmos/out/ron200/\libron200.a(nvic_cm3_cpp.o)
 .bss           0x00000000        0x0 ../tmos/out/ron200/\libron200.a(nvic_cm3_cpp.o)
 .text._ZN9NVIC_Type14NVIC_EnableIRQE12DRIVER_INDEX
                0x00000000       0x30 ../tmos/out/ron200/\libron200.a(nvic_cm3_cpp.o)
 .text._ZN9NVIC_Type15NVIC_DisableIRQE12DRIVER_INDEX
                0x00000000       0x34 ../tmos/out/ron200/\libron200.a(nvic_cm3_cpp.o)
 .text._ZN9NVIC_Type18NVIC_GetPendingIRQE12DRIVER_INDEX
                0x00000000       0x44 ../tmos/out/ron200/\libron200.a(nvic_cm3_cpp.o)
 .text._ZN9NVIC_Type18NVIC_SetPendingIRQE12DRIVER_INDEX
                0x00000000       0x34 ../tmos/out/ron200/\libron200.a(nvic_cm3_cpp.o)
 .text._ZN9NVIC_Type20NVIC_ClearPendingIRQE12DRIVER_INDEX
                0x00000000       0x34 ../tmos/out/ron200/\libron200.a(nvic_cm3_cpp.o)
 .text._ZN9NVIC_Type14NVIC_GetActiveE12DRIVER_INDEX
                0x00000000       0x44 ../tmos/out/ron200/\libron200.a(nvic_cm3_cpp.o)
 .text._ZN9NVIC_Type16NVIC_GetPriorityE12DRIVER_INDEX
                0x00000000       0x4c ../tmos/out/ron200/\libron200.a(nvic_cm3_cpp.o)
 .text._Z19NVIC_EncodePriorityjjj
                0x00000000       0x74 ../tmos/out/ron200/\libron200.a(nvic_cm3_cpp.o)
 .text._Z19NVIC_DecodePriorityjjPjS_
                0x00000000       0x74 ../tmos/out/ron200/\libron200.a(nvic_cm3_cpp.o)
 .text          0x00000000        0x0 ../tmos/out/ron200/\libron200.a(systick_cm3_cpp.o)
 .data          0x00000000        0x0 ../tmos/out/ron200/\libron200.a(systick_cm3_cpp.o)
 .bss           0x00000000        0x0 ../tmos/out/ron200/\libron200.a(systick_cm3_cpp.o)

Memory Configuration

Name             Origin             Length             Attributes
rom              0x00000000         0x00040000         xr
ram              0x20000000         0x0000c000         xrw
*default*        0x00000000         0xffffffff

Linker script and memory map

LOAD out/app/main_cpp.o
LOAD ../tmos/out/ron200/\libron200.a
                0x00000010                FIQ_STACK_SIZE = 0x10
                0x000002c0                IRQ_STACK_SIZE = 0x2c0
                0x00000010                ABT_STACK_SIZE = 0x10
                0x00000010                UND_STACK_SIZE = 0x10
                0x00000240                SVC_STACK_SIZE = 0x240
                0x00000080                USR_STACK_SIZE = 0x80

.exceptions     0x00000000       0xe4
 *(.ExceptionVectors)
 .ExceptionVectors
                0x00000000       0x40 ../tmos/out/ron200/\libron200.a(exceptions_S.o)
                0x00000000                VECTOR_TABLE
 .ExceptionVectors
                0x00000040       0x84 ../tmos/out/ron200/\libron200.a(drivers_cpp.o)
                0x00000040                DRV_TABLE
 *(.SWIHandler)
 .SWIHandler    0x000000c4       0x20 ../tmos/out/ron200/\libron200.a(exceptions_S.o)
                0x000000c4                sys_svc_handler

.fixed          0x000000e4     0x120c
                0x000000e4                _sfixed = .
 *(.text .text.*)
 .text.main     0x000000e4        0x4 out/app/main_cpp.o
                0x000000e4                main
 .text          0x000000e8       0xd4 ../tmos/out/ron200/\libron200.a(exceptions_S.o)
                0x000000e8                sys_reset_handler
                0x0000018c                sys_nmi_handler
                0x00000190                sys_hard_fault_handler
                0x00000194                sys_mpu_handler
                0x00000198                sys_bus_fault_handler
                0x0000019c                sys_usage_fault_handler
                0x000001a0                sys_debug_handler
                0x000001a4                sys_pendsv_handler
 .text._Z18DEFAULT_DRIVER_DCRPK16DRIVER_INFO_TypejPv
                0x000001bc        0xc ../tmos/out/ron200/\libron200.a(drivers_cpp.o)
                0x000001bc                DEFAULT_DRIVER_DCR(DRIVER_INFO_Type const*, unsigned int, void*)
 .text._Z18DEFAULT_DRIVER_DSRPK16DRIVER_INFO_TypeP7CHandle
                0x000001c8        0xc ../tmos/out/ron200/\libron200.a(drivers_cpp.o)
                0x000001c8                DEFAULT_DRIVER_DSR(DRIVER_INFO_Type const*, CHandle*)
 .text._Z18DEFAULT_DRIVER_ISRPK16DRIVER_INFO_Type
                0x000001d4        0x8 ../tmos/out/ron200/\libron200.a(drivers_cpp.o)
                0x000001d4                DEFAULT_DRIVER_ISR(DRIVER_INFO_Type const*)
 .text.HardFaultIsr
                0x000001dc       0xd8 ../tmos/out/ron200/\libron200.a(kernel_cpp.o)
                0x000001dc                HardFaultIsr
 .text.SUPC_DCR
                0x000002b4        0xc ../tmos/out/ron200/\libron200.a(supc_drv_cpp.o)
                0x000002b4                SUPC_DCR
 .text.SUPC_DSR
                0x000002c0       0x30 ../tmos/out/ron200/\libron200.a(supc_drv_cpp.o)
                0x000002c0                SUPC_DSR
 .text.SUPC_ISR
                0x000002f0       0x30 ../tmos/out/ron200/\libron200.a(supc_drv_cpp.o)
                0x000002f0                SUPC_ISR
 .text.RSTC_DCR
                0x00000320        0xc ../tmos/out/ron200/\libron200.a(rstc_drv_cpp.o)
                0x00000320                RSTC_DCR
 .text.RSTC_DSR
                0x0000032c       0x30 ../tmos/out/ron200/\libron200.a(rstc_drv_cpp.o)
                0x0000032c                RSTC_DSR
 .text.RSTC_ISR
                0x0000035c       0x30 ../tmos/out/ron200/\libron200.a(rstc_drv_cpp.o)
                0x0000035c                RSTC_ISR
 .text.RTC_DCR  0x0000038c        0xc ../tmos/out/ron200/\libron200.a(rtc_drv_cpp.o)
                0x0000038c                RTC_DCR
 .text.RTC_DSR  0x00000398       0x30 ../tmos/out/ron200/\libron200.a(rtc_drv_cpp.o)
                0x00000398                RTC_DSR
 .text.RTC_ISR  0x000003c8       0x30 ../tmos/out/ron200/\libron200.a(rtc_drv_cpp.o)
                0x000003c8                RTC_ISR
 .text.RTT_DCR  0x000003f8        0xc ../tmos/out/ron200/\libron200.a(rtt_drv_cpp.o)
                0x000003f8                RTT_DCR
 .text.RTT_DSR  0x00000404       0x30 ../tmos/out/ron200/\libron200.a(rtt_drv_cpp.o)
                0x00000404                RTT_DSR
 .text.RTT_ISR  0x00000434       0x30 ../tmos/out/ron200/\libron200.a(rtt_drv_cpp.o)
                0x00000434                RTT_ISR
 .text._Z16sys_SetMainClockP3Pmcj
                0x00000464       0xb0 ../tmos/out/ron200/\libron200.a(pmc_drv_cpp.o)
                0x00000464                sys_SetMainClock(Pmc*, unsigned int)
 .text._Z15sys_SetNewClockPK15PMC_DRIVER_INFOj
                0x00000514      0x1c8 ../tmos/out/ron200/\libron200.a(pmc_drv_cpp.o)
                0x00000514                sys_SetNewClock(PMC_DRIVER_INFO const*, unsigned int)
 .text.LowLevelInit
                0x000006dc       0x1c ../tmos/out/ron200/\libron200.a(pmc_drv_cpp.o)
                0x000006dc                LowLevelInit
 .text.PMC_DCR  0x000006f8        0xc ../tmos/out/ron200/\libron200.a(pmc_drv_cpp.o)
                0x000006f8                PMC_DCR
 .text.PMC_DSR  0x00000704       0x30 ../tmos/out/ron200/\libron200.a(pmc_drv_cpp.o)
                0x00000704                PMC_DSR
 .text.PMC_ISR  0x00000734       0x30 ../tmos/out/ron200/\libron200.a(pmc_drv_cpp.o)
                0x00000734                PMC_ISR
 .text.WDT_DCR  0x00000764        0xc ../tmos/out/ron200/\libron200.a(wdt_drv_cpp.o)
                0x00000764                WDT_DCR
 .text.WDT_DSR  0x00000770       0x30 ../tmos/out/ron200/\libron200.a(wdt_drv_cpp.o)
                0x00000770                WDT_DSR
 .text.WDT_ISR  0x000007a0       0x30 ../tmos/out/ron200/\libron200.a(wdt_drv_cpp.o)
                0x000007a0                WDT_ISR
 .text.SYSTICK_DCR
                0x000007d0       0x6c ../tmos/out/ron200/\libron200.a(systick_drv_cpp.o)
                0x000007d0                SYSTICK_DCR
 .text          0x0000083c      0x304 ../tmos/out/ron200/\libron200.a(services_S.o)
                0x0000083c                svc_send_signal
                0x00000858                svc_task_schedule
                0x00000894                sys_sleep_until
                0x000008a0                sys_sleep_rel
                0x000008b4                sys_sleep
                0x000008f0                isr_ClockDriver
                0x00000950                sys_test_signal
                0x00000964                sys_drv_service_wait
                0x00000970                sys_get_signal
                0x0000099c                svc_task_suspend
                0x000009b0                sys_resume_wait_signal
                0x000009c0                sys_wait_signal
                0x00000a0c                svc_HND_SET_STATUS
                0x00000a2c                svc_drv_hcontrol
                0x00000a30                svc_drv_icontrol
                0x00000a3c                svc_drv_service
                0x00000a50                usr_trace_str
                0x00000a74                usr_trace_char
                0x00000a8c                locked_inc_byte
                0x00000a90                locked_add_byte
                0x00000aa4                locked_dec_byte
                0x00000ab8                locked_set_byte
                0x00000acc                locked_clr_byte
                0x00000ae0                locked_inc_short
                0x00000ae4                locked_add_short
                0x00000af8                locked_dec_short
                0x00000b0c                locked_inc_int
                0x00000b10                locked_add_int
                0x00000b24                locked_dec_int
 .text          0x00000b40      0x408 ../tmos/out/ron200/\libron200.a(tmos_stdio_S.o)
                0x00000b40                tmos_sprintf
                0x00000d1c                tmos_sscanf
 .text._ZN9NVIC_Type16NVIC_SetPriorityE12DRIVER_INDEXj
                0x00000f48       0x54 ../tmos/out/ron200/\libron200.a(nvic_cm3_cpp.o)
                0x00000f48                NVIC_Type::NVIC_SetPriority(DRIVER_INDEX, unsigned int)
 .text._ZN12SysTick_Type14SysTick_ConfigEj
                0x00000f9c       0x54 ../tmos/out/ron200/\libron200.a(systick_cm3_cpp.o)
                0x00000f9c                SysTick_Type::SysTick_Config(unsigned int)
 *(.rodata .rodata*)
 .rodata.systick_driver
                0x00000ff0       0x1c ../tmos/out/ron200/\libron200.a(drivers_cpp.o)
                0x00000ff0                systick_driver
 .rodata.pmc_driver
                0x0000100c       0x38 ../tmos/out/ron200/\libron200.a(drivers_cpp.o)
                0x0000100c                pmc_driver
 .rodata._ZL13DefaultDriver
                0x00001044       0x18 ../tmos/out/ron200/\libron200.a(drivers_cpp.o)
 .rodata._ZL11supc_driver
                0x0000105c       0x1c ../tmos/out/ron200/\libron200.a(drivers_cpp.o)
 .rodata._ZL11rstc_driver
                0x00001078       0x1c ../tmos/out/ron200/\libron200.a(drivers_cpp.o)
 .rodata._ZL10rtc_driver
                0x00001094       0x1c ../tmos/out/ron200/\libron200.a(drivers_cpp.o)
 .rodata._ZL10rtt_driver
                0x000010b0       0x1c ../tmos/out/ron200/\libron200.a(drivers_cpp.o)
 .rodata._ZL10wdt_driver
                0x000010cc       0x1c ../tmos/out/ron200/\libron200.a(drivers_cpp.o)
 .rodata        0x000010e8       0xa0 ../tmos/out/ron200/\libron200.a(kernel_cpp.o)
 .rodata        0x00001188       0x38 ../tmos/out/ron200/\libron200.a(supc_drv_cpp.o)
 .rodata        0x000011c0       0x38 ../tmos/out/ron200/\libron200.a(rstc_drv_cpp.o)
 .rodata        0x000011f8       0x38 ../tmos/out/ron200/\libron200.a(rtc_drv_cpp.o)
 .rodata        0x00001230       0x38 ../tmos/out/ron200/\libron200.a(rtt_drv_cpp.o)
 .rodata        0x00001268       0x38 ../tmos/out/ron200/\libron200.a(pmc_drv_cpp.o)
 .rodata        0x000012a0       0x38 ../tmos/out/ron200/\libron200.a(wdt_drv_cpp.o)
 *(.init)
 *(.fini)
 *(.romcodesec)
 *(.romcodesec.*)
 *(.rominitsec)
 .rominitsec    0x000012d8       0x18 out/app/main_cpp.o
                0x000012d8                main_task_desc
 *(.rominitsec.*)
 *(.gnu.linkonce.t.*)
 *(.gnu.linkonce.r.*)
 *(.glue_7)
 .glue_7        0x00000000        0x0 linker stubs
 *(.glue_7t)
 .glue_7t       0x00000000        0x0 linker stubs
                0x000012f0                _efixed = .

.vfp11_veneer   0x000012f0        0x0
 .vfp11_veneer  0x00000000        0x0 linker stubs

.v4_bx          0x000012f0        0x0
 .v4_bx         0x00000000        0x0 linker stubs

.ARM.extab
 *(.ARM.extab* .gnu.linkonce.armextab.*)

.ARM.exidx      0x000012f0        0x0
                0x000012f0                __exidx_start = .
 *(.ARM.exidx* .gnu.linkonce.armexidx.*)
                0x000012f0                __exidx_end = .

.ctors          0x000012f0        0x0
                0x000012f0                PROVIDE (_ctors_start_, .)
 *(.ctors)
 *(SORT(.ctors.*))
                0x000012f0                PROVIDE (_ctors_end_, .)

.dtors          0x000012f0        0x0
                0x000012f0                PROVIDE (_dtors_start_, .)
 *(.dtors)
 *(SORT(.dtors.*))
                0x000012f0                PROVIDE (_dtors_end_, .)

.noinit         0x20000000        0x4
 *(.ramnoinitsec)
 .ramnoinitsec  0x20000000        0x4 ../tmos/out/ron200/\libron200.a(pmc_drv_cpp.o)
                0x20000000                sysdrv_clock_frequency
 *(.ramnoinitsec.*)

.relocate       0x20000004        0x0 load address 0x000012f0
                0x20000004                _srelocate = .
 *(.ramcodesec)
 *(.ramcodesec.*)
 *(.data)
                0x20000004                _erelocate = .

.zero           0x20000004        0x0
                0x20000004                _szero = .
 *(.bss)
 *(.bss.*)
 *(.gnu.linkonce.b.*)
 *(COMMON)
                0x20000004                _ezero = .

.tasks          0x20000004      0x2b8
                0x20000004                _stasks = .
 *(SORT(.task.*))
 .task.main_task.tcb
                0x20000004       0x48 out/app/main_cpp.o
                0x20000004                main_task
 .task.main_task.tstack
                0x2000004c      0x270 out/app/main_cpp.o
                0x2000004c                main_task_stack
                0x200002bc                . = ALIGN (0x4)
                0x200002bc                _etasks = .

.stacks         0x200002bc      0x5b0
                0x200002bc                _sstasks = .
                0x200002bc                PROVIDE (__stack_abt_start, .)
                0x200002cc                . = (. + ABT_STACK_SIZE)
 *fill*         0x200002bc       0x10 00
                0x200002cc                PROVIDE (__stack_abt_end, .)
                0x200002cc                PROVIDE (__stack_und_start, .)
                0x200002dc                . = (. + UND_STACK_SIZE)
 *fill*         0x200002cc       0x10 00
                0x200002dc                PROVIDE (__stack_und_end, .)
                0x200002dc                PROVIDE (__stack_usr_start, .)
                0x2000035c                . = (. + USR_STACK_SIZE)
 *fill*         0x200002dc       0x80 00
                0x2000035c                PROVIDE (__stack_usr_end, .)
                0x2000035c                PROVIDE (__stack_svc_start, .)
                0x2000059c                . = (. + SVC_STACK_SIZE)
 *fill*         0x2000035c      0x240 00
                0x2000059c                PROVIDE (__stack_svc_end, .)
                0x2000059c                PROVIDE (__stack_irq_start, .)
                0x2000085c                . = (. + IRQ_STACK_SIZE)
 *fill*         0x2000059c      0x2c0 00
                0x2000085c                PROVIDE (__stack_irq_end, .)
                0x2000085c                PROVIDE (__stack_fiq_start, .)
                0x2000086c                . = (. + FIQ_STACK_SIZE)
 *fill*         0x2000085c       0x10 00
                0x2000086c                PROVIDE (__stack_fiq_end, .)
                0x2000086c                _estasks = .
                0x2000086c                . = ALIGN (0x4)
                0x2000086c                PROVIDE (end, .)

.comment        0x00000000       0x11
 .comment       0x00000000       0x11 out/app/main_cpp.o
                                 0x12 (size before relaxing)
 .comment       0x00000000       0x12 ../tmos/out/ron200/\libron200.a(drivers_cpp.o)
 .comment       0x00000000       0x12 ../tmos/out/ron200/\libron200.a(kernel_cpp.o)
 .comment       0x00000000       0x12 ../tmos/out/ron200/\libron200.a(supc_drv_cpp.o)
 .comment       0x00000000       0x12 ../tmos/out/ron200/\libron200.a(rstc_drv_cpp.o)
 .comment       0x00000000       0x12 ../tmos/out/ron200/\libron200.a(rtc_drv_cpp.o)
 .comment       0x00000000       0x12 ../tmos/out/ron200/\libron200.a(rtt_drv_cpp.o)
 .comment       0x00000000       0x12 ../tmos/out/ron200/\libron200.a(pmc_drv_cpp.o)
 .comment       0x00000000       0x12 ../tmos/out/ron200/\libron200.a(wdt_drv_cpp.o)
 .comment       0x00000000       0x12 ../tmos/out/ron200/\libron200.a(systick_drv_cpp.o)
 .comment       0x00000000       0x12 ../tmos/out/ron200/\libron200.a(nvic_cm3_cpp.o)
 .comment       0x00000000       0x12 ../tmos/out/ron200/\libron200.a(systick_cm3_cpp.o)

.ARM.attributes
                0x00000000       0x10
 .ARM.attributes
                0x00000000       0x10 out/app/main_cpp.o
 .ARM.attributes
                0x00000010       0x10 ../tmos/out/ron200/\libron200.a(exceptions_S.o)
 .ARM.attributes
                0x00000020       0x10 ../tmos/out/ron200/\libron200.a(drivers_cpp.o)
 .ARM.attributes
                0x00000030       0x10 ../tmos/out/ron200/\libron200.a(kernel_cpp.o)
 .ARM.attributes
                0x00000040       0x10 ../tmos/out/ron200/\libron200.a(supc_drv_cpp.o)
 .ARM.attributes
                0x00000050       0x10 ../tmos/out/ron200/\libron200.a(rstc_drv_cpp.o)
 .ARM.attributes
                0x00000060       0x10 ../tmos/out/ron200/\libron200.a(rtc_drv_cpp.o)
 .ARM.attributes
                0x00000070       0x10 ../tmos/out/ron200/\libron200.a(rtt_drv_cpp.o)
 .ARM.attributes
                0x00000080       0x10 ../tmos/out/ron200/\libron200.a(pmc_drv_cpp.o)
 .ARM.attributes
                0x00000090       0x10 ../tmos/out/ron200/\libron200.a(wdt_drv_cpp.o)
 .ARM.attributes
                0x000000a0       0x10 ../tmos/out/ron200/\libron200.a(systick_drv_cpp.o)
 .ARM.attributes
                0x000000b0       0x10 ../tmos/out/ron200/\libron200.a(services_S.o)
 .ARM.attributes
                0x000000c0       0x10 ../tmos/out/ron200/\libron200.a(tmos_stdlib_S.o)
 .ARM.attributes
                0x000000d0       0x10 ../tmos/out/ron200/\libron200.a(tmos_stdio_S.o)
 .ARM.attributes
                0x000000e0       0x10 ../tmos/out/ron200/\libron200.a(nvic_cm3_cpp.o)
 .ARM.attributes
                0x000000f0       0x10 ../tmos/out/ron200/\libron200.a(systick_cm3_cpp.o)

.stab           0x00000000     0x26dc
 *(.stab)
 .stab          0x00000000      0x444 ../tmos/out/ron200/\libron200.a(exceptions_S.o)
 .stab          0x00000444      0xe88 ../tmos/out/ron200/\libron200.a(services_S.o)
                                0xe94 (size before relaxing)
 .stab          0x000012cc       0x18 ../tmos/out/ron200/\libron200.a(tmos_stdlib_S.o)
                                0x9c0 (size before relaxing)
 .stab          0x000012e4     0x13f8 ../tmos/out/ron200/\libron200.a(tmos_stdio_S.o)
                               0x1404 (size before relaxing)

.stabstr        0x00000000      0x4ba
 *(.stabstr)
 .stabstr       0x00000000      0x4ba ../tmos/out/ron200/\libron200.a(exceptions_S.o)

.debug
 *(.debug)

.line
 *(.line)
OUTPUT(out/ron200.elf elf32-littlearm)

.debug_abbrev   0x00000000     0x1728
 .debug_abbrev  0x00000000      0x101 out/app/main_cpp.o
 .debug_abbrev  0x00000101      0x1f9 ../tmos/out/ron200/\libron200.a(drivers_cpp.o)
 .debug_abbrev  0x000002fa      0x2a6 ../tmos/out/ron200/\libron200.a(kernel_cpp.o)
 .debug_abbrev  0x000005a0      0x1f0 ../tmos/out/ron200/\libron200.a(supc_drv_cpp.o)
 .debug_abbrev  0x00000790      0x1f0 ../tmos/out/ron200/\libron200.a(rstc_drv_cpp.o)
 .debug_abbrev  0x00000980      0x1f0 ../tmos/out/ron200/\libron200.a(rtc_drv_cpp.o)
 .debug_abbrev  0x00000b70      0x1f0 ../tmos/out/ron200/\libron200.a(rtt_drv_cpp.o)
 .debug_abbrev  0x00000d60      0x24a ../tmos/out/ron200/\libron200.a(pmc_drv_cpp.o)
 .debug_abbrev  0x00000faa      0x1f0 ../tmos/out/ron200/\libron200.a(wdt_drv_cpp.o)
 .debug_abbrev  0x0000119a      0x20a ../tmos/out/ron200/\libron200.a(systick_drv_cpp.o)
 .debug_abbrev  0x000013a4      0x1f0 ../tmos/out/ron200/\libron200.a(nvic_cm3_cpp.o)
 .debug_abbrev  0x00001594      0x194 ../tmos/out/ron200/\libron200.a(systick_cm3_cpp.o)

.debug_info     0x00000000     0xc772
 .debug_info    0x00000000      0x3bb out/app/main_cpp.o
 .debug_info    0x000003bb     0x17be ../tmos/out/ron200/\libron200.a(drivers_cpp.o)
 .debug_info    0x00001b79     0x180f ../tmos/out/ron200/\libron200.a(kernel_cpp.o)
 .debug_info    0x00003388     0x11e8 ../tmos/out/ron200/\libron200.a(supc_drv_cpp.o)
 .debug_info    0x00004570     0x11be ../tmos/out/ron200/\libron200.a(rstc_drv_cpp.o)
 .debug_info    0x0000572e     0x123c ../tmos/out/ron200/\libron200.a(rtc_drv_cpp.o)
 .debug_info    0x0000696a     0x11c1 ../tmos/out/ron200/\libron200.a(rtt_drv_cpp.o)
 .debug_info    0x00007b2b     0x1521 ../tmos/out/ron200/\libron200.a(pmc_drv_cpp.o)
 .debug_info    0x0000904c     0x11be ../tmos/out/ron200/\libron200.a(wdt_drv_cpp.o)
 .debug_info    0x0000a20a     0x1394 ../tmos/out/ron200/\libron200.a(systick_drv_cpp.o)
 .debug_info    0x0000b59e      0xae9 ../tmos/out/ron200/\libron200.a(nvic_cm3_cpp.o)
 .debug_info    0x0000c087      0x6eb ../tmos/out/ron200/\libron200.a(systick_cm3_cpp.o)

.debug_line     0x00000000     0x1f7f
 .debug_line    0x00000000      0x14f out/app/main_cpp.o
 .debug_line    0x0000014f      0x45f ../tmos/out/ron200/\libron200.a(drivers_cpp.o)
 .debug_line    0x000005ae      0x487 ../tmos/out/ron200/\libron200.a(kernel_cpp.o)
 .debug_line    0x00000a35      0x1e1 ../tmos/out/ron200/\libron200.a(supc_drv_cpp.o)
 .debug_line    0x00000c16      0x1e1 ../tmos/out/ron200/\libron200.a(rstc_drv_cpp.o)
 .debug_line    0x00000df7      0x1de ../tmos/out/ron200/\libron200.a(rtc_drv_cpp.o)
 .debug_line    0x00000fd5      0x1de ../tmos/out/ron200/\libron200.a(rtt_drv_cpp.o)
 .debug_line    0x000011b3      0x28a ../tmos/out/ron200/\libron200.a(pmc_drv_cpp.o)
 .debug_line    0x0000143d      0x1de ../tmos/out/ron200/\libron200.a(wdt_drv_cpp.o)
 .debug_line    0x0000161b      0x31d ../tmos/out/ron200/\libron200.a(systick_drv_cpp.o)
 .debug_line    0x00001938      0x378 ../tmos/out/ron200/\libron200.a(nvic_cm3_cpp.o)
 .debug_line    0x00001cb0      0x2cf ../tmos/out/ron200/\libron200.a(systick_cm3_cpp.o)

.debug_macinfo  0x00000000    0x9402e
 .debug_macinfo
                0x00000000     0x29a5 out/app/main_cpp.o
 .debug_macinfo
                0x000029a5    0x2b09d ../tmos/out/ron200/\libron200.a(drivers_cpp.o)
 .debug_macinfo
                0x0002da42    0x2ad06 ../tmos/out/ron200/\libron200.a(kernel_cpp.o)
 .debug_macinfo
                0x00058748     0x4d3b ../tmos/out/ron200/\libron200.a(supc_drv_cpp.o)
 .debug_macinfo
                0x0005d483     0x2d07 ../tmos/out/ron200/\libron200.a(rstc_drv_cpp.o)
 .debug_macinfo
                0x0006018a     0x3924 ../tmos/out/ron200/\libron200.a(rtc_drv_cpp.o)
 .debug_macinfo
                0x00063aae     0x2c27 ../tmos/out/ron200/\libron200.a(rtt_drv_cpp.o)
 .debug_macinfo
                0x000666d5     0x6820 ../tmos/out/ron200/\libron200.a(pmc_drv_cpp.o)
 .debug_macinfo
                0x0006cef5     0x2cbd ../tmos/out/ron200/\libron200.a(wdt_drv_cpp.o)
 .debug_macinfo
                0x0006fbb2     0xe32e ../tmos/out/ron200/\libron200.a(systick_drv_cpp.o)
 .debug_macinfo
                0x0007dee0     0xb0a7 ../tmos/out/ron200/\libron200.a(nvic_cm3_cpp.o)
 .debug_macinfo
                0x00088f87     0xb0a7 ../tmos/out/ron200/\libron200.a(systick_cm3_cpp.o)

.debug_frame    0x00000000      0x4f0
 .debug_frame   0x00000000       0x20 out/app/main_cpp.o
 .debug_frame   0x00000020       0x4c ../tmos/out/ron200/\libron200.a(drivers_cpp.o)
 .debug_frame   0x0000006c       0xe4 ../tmos/out/ron200/\libron200.a(kernel_cpp.o)
 .debug_frame   0x00000150       0x5c ../tmos/out/ron200/\libron200.a(supc_drv_cpp.o)
 .debug_frame   0x000001ac       0x5c ../tmos/out/ron200/\libron200.a(rstc_drv_cpp.o)
 .debug_frame   0x00000208       0x5c ../tmos/out/ron200/\libron200.a(rtc_drv_cpp.o)
 .debug_frame   0x00000264       0x5c ../tmos/out/ron200/\libron200.a(rtt_drv_cpp.o)
 .debug_frame   0x000002c0       0xa4 ../tmos/out/ron200/\libron200.a(pmc_drv_cpp.o)
 .debug_frame   0x00000364       0x5c ../tmos/out/ron200/\libron200.a(wdt_drv_cpp.o)
 .debug_frame   0x000003c0       0x2c ../tmos/out/ron200/\libron200.a(systick_drv_cpp.o)
 .debug_frame   0x000003ec       0xd8 ../tmos/out/ron200/\libron200.a(nvic_cm3_cpp.o)
 .debug_frame   0x000004c4       0x2c ../tmos/out/ron200/\libron200.a(systick_cm3_cpp.o)

.debug_pubnames
                0x00000000      0x625
 .debug_pubnames
                0x00000000       0x70 out/app/main_cpp.o
 .debug_pubnames
                0x00000070       0xc1 ../tmos/out/ron200/\libron200.a(drivers_cpp.o)
 .debug_pubnames
                0x00000131       0x9b ../tmos/out/ron200/\libron200.a(kernel_cpp.o)
 .debug_pubnames
                0x000001cc       0x59 ../tmos/out/ron200/\libron200.a(supc_drv_cpp.o)
 .debug_pubnames
                0x00000225       0x59 ../tmos/out/ron200/\libron200.a(rstc_drv_cpp.o)
 .debug_pubnames
                0x0000027e       0x56 ../tmos/out/ron200/\libron200.a(rtc_drv_cpp.o)
 .debug_pubnames
                0x000002d4       0x56 ../tmos/out/ron200/\libron200.a(rtt_drv_cpp.o)
 .debug_pubnames
                0x0000032a       0xab ../tmos/out/ron200/\libron200.a(pmc_drv_cpp.o)
 .debug_pubnames
                0x000003d5       0x56 ../tmos/out/ron200/\libron200.a(wdt_drv_cpp.o)
 .debug_pubnames
                0x0000042b       0x42 ../tmos/out/ron200/\libron200.a(systick_drv_cpp.o)
 .debug_pubnames
                0x0000046d      0x165 ../tmos/out/ron200/\libron200.a(nvic_cm3_cpp.o)
 .debug_pubnames
                0x000005d2       0x53 ../tmos/out/ron200/\libron200.a(systick_cm3_cpp.o)

.debug_aranges  0x00000000      0x288
 .debug_aranges
                0x00000000       0x20 out/app/main_cpp.o
 .debug_aranges
                0x00000020       0x30 ../tmos/out/ron200/\libron200.a(drivers_cpp.o)
 .debug_aranges
                0x00000050       0x58 ../tmos/out/ron200/\libron200.a(kernel_cpp.o)
 .debug_aranges
                0x000000a8       0x30 ../tmos/out/ron200/\libron200.a(supc_drv_cpp.o)
 .debug_aranges
                0x000000d8       0x30 ../tmos/out/ron200/\libron200.a(rstc_drv_cpp.o)
 .debug_aranges
                0x00000108       0x30 ../tmos/out/ron200/\libron200.a(rtc_drv_cpp.o)
 .debug_aranges
                0x00000138       0x30 ../tmos/out/ron200/\libron200.a(rtt_drv_cpp.o)
 .debug_aranges
                0x00000168       0x48 ../tmos/out/ron200/\libron200.a(pmc_drv_cpp.o)
 .debug_aranges
                0x000001b0       0x30 ../tmos/out/ron200/\libron200.a(wdt_drv_cpp.o)
 .debug_aranges
                0x000001e0       0x20 ../tmos/out/ron200/\libron200.a(systick_drv_cpp.o)
 .debug_aranges
                0x00000200       0x68 ../tmos/out/ron200/\libron200.a(nvic_cm3_cpp.o)
 .debug_aranges
                0x00000268       0x20 ../tmos/out/ron200/\libron200.a(systick_cm3_cpp.o)

.debug_ranges   0x00000000      0x240
 .debug_ranges  0x00000000       0x18 out/app/main_cpp.o
 .debug_ranges  0x00000018       0x28 ../tmos/out/ron200/\libron200.a(drivers_cpp.o)
 .debug_ranges  0x00000040       0x68 ../tmos/out/ron200/\libron200.a(kernel_cpp.o)
 .debug_ranges  0x000000a8       0x28 ../tmos/out/ron200/\libron200.a(supc_drv_cpp.o)
 .debug_ranges  0x000000d0       0x28 ../tmos/out/ron200/\libron200.a(rstc_drv_cpp.o)
 .debug_ranges  0x000000f8       0x28 ../tmos/out/ron200/\libron200.a(rtc_drv_cpp.o)
 .debug_ranges  0x00000120       0x28 ../tmos/out/ron200/\libron200.a(rtt_drv_cpp.o)
 .debug_ranges  0x00000148       0x40 ../tmos/out/ron200/\libron200.a(pmc_drv_cpp.o)
 .debug_ranges  0x00000188       0x28 ../tmos/out/ron200/\libron200.a(wdt_drv_cpp.o)
 .debug_ranges  0x000001b0       0x18 ../tmos/out/ron200/\libron200.a(systick_drv_cpp.o)
 .debug_ranges  0x000001c8       0x60 ../tmos/out/ron200/\libron200.a(nvic_cm3_cpp.o)
 .debug_ranges  0x00000228       0x18 ../tmos/out/ron200/\libron200.a(systick_cm3_cpp.o)

.debug_str      0x00000000     0x1a4e
 .debug_str     0x00000000      0x1c7 out/app/main_cpp.o
                                0x1f2 (size before relaxing)
 .debug_str     0x000001c7      0xf56 ../tmos/out/ron200/\libron200.a(drivers_cpp.o)
                               0x1161 (size before relaxing)
 .debug_str     0x0000111d      0x2d5 ../tmos/out/ron200/\libron200.a(kernel_cpp.o)
                               0x1021 (size before relaxing)
 .debug_str     0x000013f2       0x49 ../tmos/out/ron200/\libron200.a(supc_drv_cpp.o)
                                0xda0 (size before relaxing)
 .debug_str     0x0000143b       0x49 ../tmos/out/ron200/\libron200.a(rstc_drv_cpp.o)
                                0xd82 (size before relaxing)
 .debug_str     0x00001484       0x44 ../tmos/out/ron200/\libron200.a(rtc_drv_cpp.o)
                                0xdca (size before relaxing)
 .debug_str     0x000014c8       0x44 ../tmos/out/ron200/\libron200.a(rtt_drv_cpp.o)
                                0xd7a (size before relaxing)
 .debug_str     0x0000150c      0x120 ../tmos/out/ron200/\libron200.a(pmc_drv_cpp.o)
                                0xf63 (size before relaxing)
 .debug_str     0x0000162c       0x44 ../tmos/out/ron200/\libron200.a(wdt_drv_cpp.o)
                                0xd79 (size before relaxing)
 .debug_str     0x00001670      0x2ce ../tmos/out/ron200/\libron200.a(systick_drv_cpp.o)
                               0x103a (size before relaxing)
 .debug_str     0x0000193e       0xea ../tmos/out/ron200/\libron200.a(nvic_cm3_cpp.o)
                                0x827 (size before relaxing)
 .debug_str     0x00001a28       0x26 ../tmos/out/ron200/\libron200.a(systick_cm3_cpp.o)
                                0x66a (size before relaxing)

.debug_loc      0x00000000      0x65e
 .debug_loc     0x00000000       0x5d ../tmos/out/ron200/\libron200.a(drivers_cpp.o)
 .debug_loc     0x0000005d      0x142 ../tmos/out/ron200/\libron200.a(kernel_cpp.o)
 .debug_loc     0x0000019f       0x77 ../tmos/out/ron200/\libron200.a(supc_drv_cpp.o)
 .debug_loc     0x00000216       0x77 ../tmos/out/ron200/\libron200.a(rstc_drv_cpp.o)
 .debug_loc     0x0000028d       0x77 ../tmos/out/ron200/\libron200.a(rtc_drv_cpp.o)
 .debug_loc     0x00000304       0x77 ../tmos/out/ron200/\libron200.a(rtt_drv_cpp.o)
 .debug_loc     0x0000037b       0xe0 ../tmos/out/ron200/\libron200.a(pmc_drv_cpp.o)
 .debug_loc     0x0000045b       0x77 ../tmos/out/ron200/\libron200.a(wdt_drv_cpp.o)
 .debug_loc     0x000004d2       0x2b ../tmos/out/ron200/\libron200.a(systick_drv_cpp.o)
 .debug_loc     0x000004fd      0x136 ../tmos/out/ron200/\libron200.a(nvic_cm3_cpp.o)
 .debug_loc     0x00000633       0x2b ../tmos/out/ron200/\libron200.a(systick_cm3_cpp.o)

Cross Reference Table

Symbol                                            File
DEFAULT_DRIVER_DCR(DRIVER_INFO_Type const*, unsigned int, void*) ../tmos/out/ron200/\libron200.a(drivers_cpp.o)
DEFAULT_DRIVER_DSR(DRIVER_INFO_Type const*, CHandle*) ../tmos/out/ron200/\libron200.a(drivers_cpp.o)
DEFAULT_DRIVER_ISR(DRIVER_INFO_Type const*)       ../tmos/out/ron200/\libron200.a(drivers_cpp.o)
DRV_RESET_FIRST_TABLE                             ../tmos/out/ron200/\libron200.a(drivers_cpp.o)
                                                  ../tmos/out/ron200/\libron200.a(kernel_cpp.o)
DRV_TABLE                                         ../tmos/out/ron200/\libron200.a(drivers_cpp.o)
                                                  ../tmos/out/ron200/\libron200.a(services_S.o)
                                                  ../tmos/out/ron200/\libron200.a(kernel_cpp.o)
HardFaultIsr                                      ../tmos/out/ron200/\libron200.a(kernel_cpp.o)
                                                  ../tmos/out/ron200/\libron200.a(exceptions_S.o)
LowLevelInit                                      ../tmos/out/ron200/\libron200.a(pmc_drv_cpp.o)
                                                  ../tmos/out/ron200/\libron200.a(exceptions_S.o)
NVIC_DecodePriority(unsigned int, unsigned int, unsigned int*, unsigned int*) ../tmos/out/ron200/\libron200.a(nvic_cm3_cpp.o)
NVIC_EncodePriority(unsigned int, unsigned int, unsigned int) ../tmos/out/ron200/\libron200.a(nvic_cm3_cpp.o)
NVIC_Type::NVIC_ClearPendingIRQ(DRIVER_INDEX)     ../tmos/out/ron200/\libron200.a(nvic_cm3_cpp.o)
NVIC_Type::NVIC_DisableIRQ(DRIVER_INDEX)          ../tmos/out/ron200/\libron200.a(nvic_cm3_cpp.o)
NVIC_Type::NVIC_EnableIRQ(DRIVER_INDEX)           ../tmos/out/ron200/\libron200.a(nvic_cm3_cpp.o)
NVIC_Type::NVIC_GetActive(DRIVER_INDEX)           ../tmos/out/ron200/\libron200.a(nvic_cm3_cpp.o)
NVIC_Type::NVIC_GetPendingIRQ(DRIVER_INDEX)       ../tmos/out/ron200/\libron200.a(nvic_cm3_cpp.o)
NVIC_Type::NVIC_GetPriority(DRIVER_INDEX)         ../tmos/out/ron200/\libron200.a(nvic_cm3_cpp.o)
NVIC_Type::NVIC_SetPendingIRQ(DRIVER_INDEX)       ../tmos/out/ron200/\libron200.a(nvic_cm3_cpp.o)
NVIC_Type::NVIC_SetPriority(DRIVER_INDEX, unsigned int) ../tmos/out/ron200/\libron200.a(nvic_cm3_cpp.o)
                                                  ../tmos/out/ron200/\libron200.a(systick_cm3_cpp.o)
                                                  ../tmos/out/ron200/\libron200.a(systick_drv_cpp.o)
PMC_DCR                                           ../tmos/out/ron200/\libron200.a(pmc_drv_cpp.o)
                                                  ../tmos/out/ron200/\libron200.a(drivers_cpp.o)
PMC_DSR                                           ../tmos/out/ron200/\libron200.a(pmc_drv_cpp.o)
                                                  ../tmos/out/ron200/\libron200.a(drivers_cpp.o)
PMC_ISR                                           ../tmos/out/ron200/\libron200.a(pmc_drv_cpp.o)
                                                  ../tmos/out/ron200/\libron200.a(drivers_cpp.o)
RSTC_DCR                                          ../tmos/out/ron200/\libron200.a(rstc_drv_cpp.o)
                                                  ../tmos/out/ron200/\libron200.a(drivers_cpp.o)
RSTC_DSR                                          ../tmos/out/ron200/\libron200.a(rstc_drv_cpp.o)
                                                  ../tmos/out/ron200/\libron200.a(drivers_cpp.o)
RSTC_ISR                                          ../tmos/out/ron200/\libron200.a(rstc_drv_cpp.o)
                                                  ../tmos/out/ron200/\libron200.a(drivers_cpp.o)
RTC_DCR                                           ../tmos/out/ron200/\libron200.a(rtc_drv_cpp.o)
                                                  ../tmos/out/ron200/\libron200.a(drivers_cpp.o)
RTC_DSR                                           ../tmos/out/ron200/\libron200.a(rtc_drv_cpp.o)
                                                  ../tmos/out/ron200/\libron200.a(drivers_cpp.o)
RTC_ISR                                           ../tmos/out/ron200/\libron200.a(rtc_drv_cpp.o)
                                                  ../tmos/out/ron200/\libron200.a(drivers_cpp.o)
RTT_DCR                                           ../tmos/out/ron200/\libron200.a(rtt_drv_cpp.o)
                                                  ../tmos/out/ron200/\libron200.a(drivers_cpp.o)
RTT_DSR                                           ../tmos/out/ron200/\libron200.a(rtt_drv_cpp.o)
                                                  ../tmos/out/ron200/\libron200.a(drivers_cpp.o)
RTT_ISR                                           ../tmos/out/ron200/\libron200.a(rtt_drv_cpp.o)
                                                  ../tmos/out/ron200/\libron200.a(drivers_cpp.o)
SUPC_DCR                                          ../tmos/out/ron200/\libron200.a(supc_drv_cpp.o)
                                                  ../tmos/out/ron200/\libron200.a(drivers_cpp.o)
SUPC_DSR                                          ../tmos/out/ron200/\libron200.a(supc_drv_cpp.o)
                                                  ../tmos/out/ron200/\libron200.a(drivers_cpp.o)
SUPC_ISR                                          ../tmos/out/ron200/\libron200.a(supc_drv_cpp.o)
                                                  ../tmos/out/ron200/\libron200.a(drivers_cpp.o)
SYSTICK_DCR                                       ../tmos/out/ron200/\libron200.a(systick_drv_cpp.o)
                                                  ../tmos/out/ron200/\libron200.a(drivers_cpp.o)
SysTick_Type::SysTick_Config(unsigned int)        ../tmos/out/ron200/\libron200.a(systick_cm3_cpp.o)
                                                  ../tmos/out/ron200/\libron200.a(systick_drv_cpp.o)
VECTOR_TABLE                                      ../tmos/out/ron200/\libron200.a(exceptions_S.o)
WDT_DCR                                           ../tmos/out/ron200/\libron200.a(wdt_drv_cpp.o)
                                                  ../tmos/out/ron200/\libron200.a(drivers_cpp.o)
WDT_DSR                                           ../tmos/out/ron200/\libron200.a(wdt_drv_cpp.o)
                                                  ../tmos/out/ron200/\libron200.a(drivers_cpp.o)
WDT_ISR                                           ../tmos/out/ron200/\libron200.a(wdt_drv_cpp.o)
                                                  ../tmos/out/ron200/\libron200.a(drivers_cpp.o)
__cxa_pure_virtual                                ../tmos/out/ron200/\libron200.a(kernel_cpp.o)
__stack_svc_end                                   ../tmos/out/ron200/\libron200.a(exceptions_S.o)
_ctors_end_                                       ../tmos/out/ron200/\libron200.a(exceptions_S.o)
_ctors_start_                                     ../tmos/out/ron200/\libron200.a(exceptions_S.o)
_dtors_end_                                       ../tmos/out/ron200/\libron200.a(exceptions_S.o)
_erelocate                                        ../tmos/out/ron200/\libron200.a(exceptions_S.o)
_etasks                                           ../tmos/out/ron200/\libron200.a(exceptions_S.o)
_ezero                                            ../tmos/out/ron200/\libron200.a(exceptions_S.o)
_srelocate                                        ../tmos/out/ron200/\libron200.a(exceptions_S.o)
_stasks                                           ../tmos/out/ron200/\libron200.a(exceptions_S.o)
_szero                                            ../tmos/out/ron200/\libron200.a(exceptions_S.o)
end                                               ../tmos/out/ron200/\libron200.a(tmos_stdlib_S.o)
                                                  ../tmos/out/ron200/\libron200.a(kernel_cpp.o)
isr_ClockDriver                                   ../tmos/out/ron200/\libron200.a(services_S.o)
                                                  ../tmos/out/ron200/\libron200.a(drivers_cpp.o)
locked_add_byte                                   ../tmos/out/ron200/\libron200.a(services_S.o)
locked_add_int                                    ../tmos/out/ron200/\libron200.a(services_S.o)
locked_add_short                                  ../tmos/out/ron200/\libron200.a(services_S.o)
locked_clr_byte                                   ../tmos/out/ron200/\libron200.a(services_S.o)
locked_dec_byte                                   ../tmos/out/ron200/\libron200.a(services_S.o)
locked_dec_int                                    ../tmos/out/ron200/\libron200.a(services_S.o)
locked_dec_short                                  ../tmos/out/ron200/\libron200.a(services_S.o)
locked_inc_byte                                   ../tmos/out/ron200/\libron200.a(services_S.o)
locked_inc_int                                    ../tmos/out/ron200/\libron200.a(services_S.o)
locked_inc_short                                  ../tmos/out/ron200/\libron200.a(services_S.o)
locked_set_byte                                   ../tmos/out/ron200/\libron200.a(services_S.o)
main                                              out/app/main_cpp.o
main_task                                         out/app/main_cpp.o
                                                  ../tmos/out/ron200/\libron200.a(kernel_cpp.o)
                                                  ../tmos/out/ron200/\libron200.a(exceptions_S.o)
main_task_desc                                    out/app/main_cpp.o
                                                  ../tmos/out/ron200/\libron200.a(kernel_cpp.o)
                                                  ../tmos/out/ron200/\libron200.a(exceptions_S.o)
main_task_stack                                   out/app/main_cpp.o
pmc_driver                                        ../tmos/out/ron200/\libron200.a(drivers_cpp.o)
                                                  ../tmos/out/ron200/\libron200.a(pmc_drv_cpp.o)
svc_HND_SET_STATUS                                ../tmos/out/ron200/\libron200.a(services_S.o)
svc_drv_hcontrol                                  ../tmos/out/ron200/\libron200.a(services_S.o)
svc_drv_icontrol                                  ../tmos/out/ron200/\libron200.a(services_S.o)
svc_drv_service                                   ../tmos/out/ron200/\libron200.a(services_S.o)
svc_drv_service_wait                              ../tmos/out/ron200/\libron200.a(services_S.o)
svc_free                                          ../tmos/out/ron200/\libron200.a(tmos_stdlib_S.o)
svc_free_pool                                     ../tmos/out/ron200/\libron200.a(tmos_stdlib_S.o)
svc_malloc                                        ../tmos/out/ron200/\libron200.a(tmos_stdlib_S.o)
svc_pool_free                                     ../tmos/out/ron200/\libron200.a(tmos_stdlib_S.o)
svc_pool_init                                     ../tmos/out/ron200/\libron200.a(tmos_stdlib_S.o)
                                                  ../tmos/out/ron200/\libron200.a(kernel_cpp.o)
svc_pool_malloc                                   ../tmos/out/ron200/\libron200.a(tmos_stdlib_S.o)
svc_realloc                                       ../tmos/out/ron200/\libron200.a(tmos_stdlib_S.o)
svc_send_signal                                   ../tmos/out/ron200/\libron200.a(services_S.o)
svc_task_schedule                                 ../tmos/out/ron200/\libron200.a(services_S.o)
                                                  ../tmos/out/ron200/\libron200.a(kernel_cpp.o)
svc_task_suspend                                  ../tmos/out/ron200/\libron200.a(services_S.o)
sys_SetMainClock(Pmc*, unsigned int)              ../tmos/out/ron200/\libron200.a(pmc_drv_cpp.o)
sys_SetNewClock(PMC_DRIVER_INFO const*, unsigned int) ../tmos/out/ron200/\libron200.a(pmc_drv_cpp.o)
sys_bus_fault_handler                             ../tmos/out/ron200/\libron200.a(exceptions_S.o)
sys_debug_handler                                 ../tmos/out/ron200/\libron200.a(exceptions_S.o)
sys_drv_service_wait                              ../tmos/out/ron200/\libron200.a(services_S.o)
sys_get_signal                                    ../tmos/out/ron200/\libron200.a(services_S.o)
sys_hard_fault_handler                            ../tmos/out/ron200/\libron200.a(exceptions_S.o)
sys_kernel_init                                   ../tmos/out/ron200/\libron200.a(kernel_cpp.o)
sys_malloc                                        ../tmos/out/ron200/\libron200.a(tmos_stdlib_S.o)
sys_mpu_handler                                   ../tmos/out/ron200/\libron200.a(exceptions_S.o)
sys_nmi_handler                                   ../tmos/out/ron200/\libron200.a(exceptions_S.o)
sys_pendsv_handler                                ../tmos/out/ron200/\libron200.a(exceptions_S.o)
sys_realloc                                       ../tmos/out/ron200/\libron200.a(tmos_stdlib_S.o)
sys_reset_handler                                 ../tmos/out/ron200/\libron200.a(exceptions_S.o)
sys_resume_wait_signal                            ../tmos/out/ron200/\libron200.a(services_S.o)
sys_sleep                                         ../tmos/out/ron200/\libron200.a(services_S.o)
sys_sleep_rel                                     ../tmos/out/ron200/\libron200.a(services_S.o)
sys_sleep_until                                   ../tmos/out/ron200/\libron200.a(services_S.o)
sys_svc_handler                                   ../tmos/out/ron200/\libron200.a(exceptions_S.o)
sys_task_return()                                 ../tmos/out/ron200/\libron200.a(kernel_cpp.o)
sys_test_signal                                   ../tmos/out/ron200/\libron200.a(services_S.o)
sys_usage_fault_handler                           ../tmos/out/ron200/\libron200.a(exceptions_S.o)
sys_wait_signal                                   ../tmos/out/ron200/\libron200.a(services_S.o)
sysdrv_clock_frequency                            ../tmos/out/ron200/\libron200.a(pmc_drv_cpp.o)
                                                  ../tmos/out/ron200/\libron200.a(systick_drv_cpp.o)
systick_driver                                    ../tmos/out/ron200/\libron200.a(drivers_cpp.o)
                                                  ../tmos/out/ron200/\libron200.a(exceptions_S.o)
tmos_sprintf                                      ../tmos/out/ron200/\libron200.a(tmos_stdio_S.o)
                                                  ../tmos/out/ron200/\libron200.a(wdt_drv_cpp.o)
                                                  ../tmos/out/ron200/\libron200.a(pmc_drv_cpp.o)
                                                  ../tmos/out/ron200/\libron200.a(rtt_drv_cpp.o)
                                                  ../tmos/out/ron200/\libron200.a(rtc_drv_cpp.o)
                                                  ../tmos/out/ron200/\libron200.a(rstc_drv_cpp.o)
                                                  ../tmos/out/ron200/\libron200.a(supc_drv_cpp.o)
                                                  ../tmos/out/ron200/\libron200.a(kernel_cpp.o)
tmos_sscanf                                       ../tmos/out/ron200/\libron200.a(tmos_stdio_S.o)
usr_task_init_static(TASK_DESCRIPTION const*, int) ../tmos/out/ron200/\libron200.a(kernel_cpp.o)
usr_trace_char                                    ../tmos/out/ron200/\libron200.a(services_S.o)
usr_trace_str                                     ../tmos/out/ron200/\libron200.a(services_S.o)
                                                  ../tmos/out/ron200/\libron200.a(wdt_drv_cpp.o)
                                                  ../tmos/out/ron200/\libron200.a(pmc_drv_cpp.o)
                                                  ../tmos/out/ron200/\libron200.a(rtt_drv_cpp.o)
                                                  ../tmos/out/ron200/\libron200.a(rtc_drv_cpp.o)
                                                  ../tmos/out/ron200/\libron200.a(rstc_drv_cpp.o)
                                                  ../tmos/out/ron200/\libron200.a(supc_drv_cpp.o)
                                                  ../tmos/out/ron200/\libron200.a(kernel_cpp.o)
